# This is the map data file of noden_server
# You can add comments with "#" as first character of a line
# Null lines are also ignored.
# By Annihilator Oct 13, 1993

#
# The following defines the map of the Noden Kingdom
# A map section begins with a size definition like
#
# map: <X> <Y>
# 
# Then followed by <Y> lines of <X> legends delimited with blank. Notice
# there shouldn't be any blank lines or comments in the legend lines part.

map: 21 21
F0 P0 F0 H0 M0 H0 F0 P0 P0 F0 H0 M0 H0 F0 F0 H0 H0 M0 M0 M0 M0
P0 P0 F0 H0 H0 H0 F0 P0 F0 F0 H0 M0 M0 H0 F0 F0 H0 H0 M0 M0 H0
F0 H0 F0 F0 H0 F0 P0 P0 F0 H0 M0 M0 H0 H0 F0 P0 F0 H0 H0 H0 P0
H0 H0 H0 F0 F0 F0 P0 P0 F0 H0 H0 M0 M0 H0 P0 P0 P0 P0 P0 P0 P0
H0 M0 H0 F0 F9 F9 P9 P9 P9 F9 H9 H9 M0 H9 F9 F9 F9 P0 P0 P0 P0
M0 M0 M0 F0 H9 H0 F0 F0 P0 P0 F0 F0 H0 F0 T0 F0 F9 F0 P0 P0 P0
W0 M0 M0 H0 M9 H0 H0 H0 F0 F0 F0 F0 F0 F0 R1 F0 F9 F0 P0 P0 P2
M0 W0 M0 M0 M0 M0 M0 H0 H0 F0 F0 P0 F0 F0 R1 F0 F9 P0 P1 P2 O0
M0 M0 W0 W0 W9 W0 M0 M0 H0 H0 F0 F0 F0 F0 R1 F0 F9 P1 W0 O0 O0
M0 M0 M0 W0 PX W0 W0 M0 M0 H0 P0 P0 F0 R3 R2 F0 P9 W0 S0 O0 O0
H0 M0 M0 W0 W9 W0 M0 M0 M0 H0 T0 R0 R0 R2 F1 P1 W9 W0 W0 O0 O0
H0 H0 M0 M0 W9 W0 M0 M0 P0 P0 P1 F1 F1 W0 W0 W0 W9 P1 P1 P2 O0
H0 P0 H0 M0 M0 W0 W0 W0 P1 P1 W0 W0 W0 W0 F1 F1 P9 P0 P0 P2 O0
H0 P0 H0 H0 M0 M0 M0 W0 W0 W0 W0 F1 F1 F1 F0 F0 P9 P0 P0 P0 P2
P0 P0 P0 H0 H9 M0 M0 F1 F1 F1 P1 P0 F0 F0 F0 F0 P9 P0 P0 P0 P0
B0 B0 P0 F0 H9 H0 P0 B0 F0 P0 P0 F0 F0 P0 F0 P0 P9 P0 P0 P0 P0
B0 B0 P0 F0 F9 F9 P9 B9 B9 P9 P9 P9 P9 P9 P9 P9 P9 P0 P0 P0 P0
D0 D0 B0 F0 F0 P0 P0 B0 P0 P0 P0 B0 B0 P0 P0 B0 B0 P0 P0 P0 O0
D0 D0 D0 D0 P0 P0 P0 P0 P0 B0 P0 B0 B0 B0 P0 B0 B0 P0 O0 O0 O0
D0 D0 D0 D0 B0 B0 P0 B0 P0 P0 P0 P0 B0 P0 P0 P0 P0 P0 O0 O0 O0
D0 D0 D0 P0 B0 P0 P0 B0 B0 P0 B0 P0 P0 P0 B0 B0 P0 O0 O0 O0 O0

#
#  The following are definitions of terrain types in the map
#  Each terrain type is a section begin with a legend definition such as
#
#  legend: <legend>
#
#  The length of the legend is unlimited. It defines legends used in the map
#  section.
#  Lines following the legend definition are properties applied to the
#  legend. The format is
#
#  <property> <value>
#
#  You can concat 2 lines in 2 format. If the first character of a line is
#  '>' or '+', the line is concated to previous line. When '>' is used, a
#  new-line character is inserted between the two lines. For example:
#
#  long "This is a small room with stone walls
#  >"
#
#  This is will be concated as:
#
#  long "This is a small room with stone walls\n"
#

legend: P0
short "平原"
long "你现在走在一片平地上，疏落的青草点缀著一些碎石，这里开阔的视
>野使你可以清楚地看到远方的景物。
>"

legend: P1
short "河边"
long "你现在来到了河边的平地上，疏落的青草点缀在河岸数不尽的卵石坪
>上，潺潺的流水声使人忘却了烦恼。
>"

legend: P2
short "海边"
long "你走在海边, 看著阵阵涌来的波浪拍打著金黄色沙滩。遥望远方, 海
>与天在地平线的尽头蓝成一线。
>"

legend: B0
short "草地"
long "你现在走在一片绿油油的草地上，青翠的草地带著令人愉悦的
>气息。几丛植物散布在碧绿的草地间，点缀著五彩缤纷的不知名野
>花，使人心旷神宜。
>"

legend: F0
short "森林"
long "你现在漫步在一座森林之中，繁茂的树木散发出一股淡淡的、
>舒爽宜人的气息，你可以听到树林间小鸟吱吱喳喳的鸣叫声，脚底
>下一层落叶铺满了你所站立的地方。
>"

legend: F1
short "森林"
long "你现在漫步在一座森林之中，繁茂的树木散发出一股淡淡的、
>舒爽宜人的气息，你可以听到树林间小鸟吱吱喳喳的鸣叫声，脚底
>下一层落叶铺满了你所站立的地方。
>"

legend: S0
short "沼泽"
long "你现在正走在一个泥泞的沼泽中，乌黑的烂泥夹带著令人作呕
>的臭味令你不得不掩住鼻子，泥浆中不少深绿色的植物及藤蔓互相
>交错纠葛，一些高大植物的顶端开著不少诡异的白花。
>"

legend: W0
short "河流"
long "你现在正在河里游著。
>"
block_move "swimmer"

legend: H0
short "山丘"
long "你正走在一由一些低矮山丘组成的丘陵地上，这里的地势起伏
>并不很大，青黄交错的短草皮覆盖著举目所及的山丘，几株大树散
>布在山坡上。
>"

legend: M0
short "山上"
long "你现在正爬上一座高山。
>"
block_move "mountineer"

legend: O0
short "海中"
long "你现在正载浮载沉地在海中飘流。
>"
block_move "swimmer"

legend: T0
short "城镇"
long "这里根据地图记载应该有一个城镇，如果你到了这里，请通知任何一位
>巫师。
>"

legend: R0
short "道路"
long "你现在正走在一条碎石铺成的道路上，道路向东、西方向延伸。路旁的草
>地上长著一些不知名的野花及野草。
>"

legend: R1
short "道路"
long "你现在正走在一条碎石铺成的道路上，道路向南、北方延伸。路旁的草
>地上长著一些不知名的野花及野草。
>"

legend: R2
short "道路转角"
long "你现在正走在一条碎石铺成的道路上。道路在这里转了个弯，由西方转
>向北方。路旁的草地上长著一些不知名的野花及野草。
>"

legend: R3
short "道路转角"
long "你现在正走在一条碎石铺成的道路上。道路在这里转了个弯，由南方转
>向东方。路旁的草地上长著一些不知名的野花及野草。
>"

legend: P9
short "平原"
long "你现在走在一片平地上，疏落的青草点缀著一些碎石，这里开阔的视
>野使你可以清楚地看到远方的景物。
>"
block_move "all"

legend: B9
short "草地"
long "你现在走在一片绿油油的草地上，青翠的草地带著令人愉悦的
>气息。几丛植物散布在碧绿的草地间，点缀著五彩缤纷的不知名野
>花，使人心旷神宜。
>"
block_move "all"

legend: F9
short "森林"
long "你现在漫步在一座森林之中，繁茂的树木散发出一股淡淡的、
>舒爽宜人的气息，你可以听到树林间小鸟吱吱喳喳的鸣叫声，脚底
>下一层落叶铺满了你所站立的地方。
>"
block_move "all"

legend: W9
short "河流"
long "你现在正在河里游著。
>"
block_move "all"

legend: H9
short "山丘"
long "你正走在一由一些低矮山丘组成的丘陵地上，这里的地势起伏
>并不很大，青黄交错的短草皮覆盖著举目所及的山丘，几株大树散
>布在山坡上。
>"
block_move "all"

legend: M9
short "山上"
long "你现在正爬上一座高山。
>"
block_move "all"


#
#  This section allows definition a single room on the map with 
#  coordinate. A section begins with a room definition like:
#
#  room: <X coordinate>,<Y coordinate>
#
#  Notice the argument is treated as a single string in the filename
#  of a virtual room. For example, room 25,20 defines the virtual room
#  /d/noden/25,20.noden.c
#

room: 14,10
short "迷雾森林"
long "你走在森林中, 四周布满了茫茫迷雾。在雾中, 看不到远方, 除了踩
>过落叶所发出的沙沙声, 一切显得如此地沈静。在这里你彷佛被与世隔绝
>了。你摸索著周围的树木前进, 不知何时才能离开这个森林。
>"
