# This is the map data file of noden_server
# You can add comments with "#" as first character of a line
# Null lines are also ignored.
# By Annihilator Oct 13, 1993

#
# The following defines the map of the Noden Kingdom
# A map section begins with a size definition like
#
# map: <X> <Y>
# 
# Then followed by <Y> lines of <X> legends delimited with blank. Notice
# there shouldn't be any blank lines or comments in the legend lines part.

map: 21 21
O0 O0 O0 O0 O0 O0 O0 O0 O0 O0 O0 O0 O0 O0 O0 O0 O0 O0 O0 O0 O0
O0 O0 P0 O0 O0 O0 O0 O0 M0 M0 O0 P0 P0 P0 P0 O0 O0 O0 O0 O0 O0
O0 P0 F0 F0 O0 O0 O0 O0 O0 M0 P0 P0 B0 H0 H0 H0 P0 O0 O0 O0 O0
O0 P0 F0 F0 O0 O0 O0 O0 O0 M0 M0 B0 H0 H0 B0 P0 H0 H0 O0 O0 O0
O0 P0 P0 F0 F0 O0 O0 O0 F0 F0 M0 H0 H0 P0 P0 B0 P0 F0 P0 O0 O0
O0 O0 F0 F0 F0 M0 M0 M0 F0 F0 M0 H0 P1 P1 P1 B0 F0 F0 P0 O0 O0
O0 O0 P0 F0 F0 F0 F0 M0 M0 M0 M0 W0 W0 W0 T0 F0 F0 F0 P0 O0 O0
O0 O0 P0 P0 F0 F0 T0 F0 H0 M0 W0 P1 P1 F0 R1 W0 B0 P0 P0 O0 O0
O0 O0 O0 F0 F0 F0 R1 F0 F0 M0 M0 P0 F0 F0 R1 P1 W0 B0 S0 O0 O0
O0 O0 O0 O0 P0 F0 R0 R0 R0 R0 R0 R0 R0 R0 R0 R0 R0 W0 O0 O0 O0
O0 O0 O0 O0 P0 F0 R1 H0 H0 M0 P0 P0 B0 F0 F0 F0 R0 T0 O0 O0 O0
O0 O0 O0 F0 F0 R0 R0 H0 M0 M0 M0 B0 P0 F0 F0 F0 F0 P0 P0 O0 O0
O0 O0 F0 P0 F0 R1 H0 M0 M0 M0 H0 P0 S0 P0 F0 F0 F0 S0 P0 O0 O0
O0 O0 P0 P0 P0 T0 H0 M0 M0 H0 S0 S0 S0 B0 B0 F0 P0 S0 O0 O0 O0
O0 P0 P0 F0 F0 H0 M0 M0 H0 S0 O0 O0 O0 O0 B0 S0 S0 S0 S0 O0 O0
O0 P0 B0 F0 F0 F0 M0 H0 S0 O0 O0 O0 O0 O0 S0 S0 S0 S0 S0 O0 O0
O0 P0 B0 B0 P0 F0 H0 S0 S0 O0 O0 O0 O0 O0 O0 S0 S0 S0 S0 S0 O0
O0 O0 P0 P0 P0 H0 H0 S0 O0 O0 O0 O0 O0 O0 O0 S0 S0 S0 S0 S0 O0
O0 O0 P0 S0 H0 S0 S0 O0 O0 O0 O0 O0 O0 O0 O0 O0 S0 O0 S0 S0 O0
O0 O0 O0 S0 S0 O0 O0 O0 O0 O0 O0 O0 O0 O0 O0 O0 O0 O0 S0 O0 O0
O0 O0 O0 O0 O0 O0 O0 O0 O0 O0 O0 O0 O0 O0 O0 O0 O0 O0 O0 O0 O0


#
#  The following are definitions of terrain types in the map
#  Each terrain type is a section begin with a legend definition such as
#
#  legend: <legend>
#
#  The length of the legend is unlimited. It defines legends used in the map
#  section.
#  Lines following the legend definition are properties applied to the
#  legend. The format is
#
#  <property> <value>
#
#  You can concat 2 lines in 2 format. If the first character of a line is
#  '>' or '+', the line is concated to previous line. When '>' is used, a
#  new-line character is inserted between the two lines. For example:
#
#  long "This is a small room with stone walls
#  >"
#
#  This is will be concated as:
#
#  long "This is a small room with stone walls\n"
#

legend: P0
short "平原"
long "你现在走在一片平地上，疏落的青草点缀著一些碎石，这里开阔的视
>野使你可以清楚地看到远方的景物。
>"

legend: P1
short "河边"
long "你现在来到了河边的平地上，疏落的青草点缀在河岸数不尽的卵石坪
>上，潺潺的流水声使人忘却了烦恼。
>"

legend: B0
short "草地"
long "你现在走在一片绿油油的草地上，青翠的草地带著令人愉悦的
>气息。几丛植物散布在碧绿的草地间，点缀著五彩缤纷的不知名野
>花，使人心旷神宜。
>"

legend: F0
short "森林"
long "你现在漫步在一座森林之中，繁茂的树木散发出一股淡淡的、
>舒爽宜人的气息，你可以听到树林间小鸟吱吱喳喳的鸣叫声，脚底
>下一层落叶铺满了你所站立的地方。
>"

legend: S0
short "沼泽"
long "你现在正走在一个泥泞的沼泽中，乌黑的烂泥夹带著令人作呕
>的臭味令你不得不掩住鼻子，泥浆中不少深绿色的植物及藤蔓互相
>交错纠葛，一些高大植物的顶端开著不少诡异的白花。
>"

legend: W0
short "河流"
long "你现在正在河里游著。
>"
block_move "swimmer"

legend: H0
short "山丘"
long "你正走在一由一些低矮山丘组成的丘陵地上，这里的地势起伏
>并不很大，青黄交错的短草皮覆盖著举目所及的山丘，几株大树散
>布在山坡上。
>"

legend: M0
short "山上"
long "你现在正爬上一座高山。
>"
block_move "mountineer"

legend: O0
short "海中"
long "你现在正载浮载沉地在海中飘流。
>"
block_move "swimmer"

legend: T0
short "城镇"
long "这里根据地图记载应该有一个城镇，如果你到了这里，请通知任何一位
>巫师。
>"

legend: R0
short "道路"
long "你现在正走在一条碎石铺成的道路上，道路向东、西方向延伸。路旁的草
>地上长著一些不知名的野花及野草。
>"

legend: R1
short "道路"
long "你现在正走在一条碎石铺成的道路上，道路向南、北方延伸。路旁的草
>地上长著一些不知名的野花及野草。
>"

#
#  This section allows definition a single room on the map with 
#  coordinate. A section begins with a room definition like:
#
#  room: <X coordinate>,<Y coordinate>
#
#  Notice the argument is treated as a single string in the filename
#  of a virtual room. For example, room 25,20 defines the virtual room
#  /d/noden/25,20.noden.c
#

room: 6,9
short "路口"
long "你现在来到了一处交叉路口，往北直走的路可以到达诺达尼亚城，也
>就是王宫的所在地。往南的路沿著贝尔基山向西南方走，可以到达魔法之
>都摩亚达。往东一条笔直的大路是通往诺顿王国东方的主要道路，向东一
>直走下去可以到达坎达拉峡谷。
>"

room: 6,11
short "道路"
long "这条路在这里转向北方与西方，南边是著名的贝尔基山脉，住著
>矮人族和他们伟大的国王。
>"

room: 5,11
short "道路"
long "这条路在这里转向东方与南方，往南方你可以远远地望见摩亚达城那
>座著名的「银色之塔」的塔尖。东南方耸立著贝尔基山脉高大的山峰。
>"

room: 14,9
short "Road crossing"
short "交叉路口"
long "你现在来到了一处交叉路口，这条路在这里分成三个方向，往北的
>路通往冒险者的故乡远风镇，往东边的路可以到达蓝沙港市，西边的大
>路穿过远方山脉中间的坎达拉峡谷，衔接通往诺顿王国西半部的要道。
>"
