# This is the map data file of island_server
# You can add comments with "#" as first character of a line
# Null lines are also ignored.
# By Odin Feb 21, 1995
# Orginal by Annihilator

#
# The following defines the map of the Jer-Sen Island
# A map section begins with a size definition like
#
# map: <X> <Y>
# 
# Then followed by <Y> lines of <X> legends delimited with blank. Notice
# there shouldn't be any blank lines or comments in the legend lines part.

map: 17 17
O0 O0 O0 O0 O0 O0 O0 O0 O0 O0 O0 O0 O0 O0 O0 O0 O0
O0 O0 O0 O0 O0 O0 O1 O1 O1 O0 O0 O0 O0 O0 O0 O0 O0
O0 O0 O0 O0 O0 O1 D0 P0 D0 O1 O0 O0 M0 M0 O0 O0 O0
O0 O0 O0 O0 O1 D0 P0 R0 P0 D0 O1 O0 O0 M0 O0 O0 O0
O0 O0 O0 O1 W1 P0 P0 R0 P0 P0 W1 O1 O0 O0 O0 O0 O0
O0 O0 O1 D0 H0 W0 P0 R0 P0 W2 F0 D0 O1 O0 O0 O0 O0
O0 O1 D0 H0 H0 H0 W0 R0 W2 F0 F0 F0 D0 O1 O0 O0 O0
O0 O1 T0 R3 R3 R3 R3 T0 R1 R1 R1 R1 T0 O1 O0 O0 M0
O0 O1 D0 H0 H0 H0 W4 R2 W3 F0 F0 F0 D0 O1 O0 O0 O0
O0 O0 O1 D0 H0 W4 S0 R2 S0 W3 F0 D0 O1 O0 O0 O0 O0
O0 O0 O0 O1 W1 S0 S0 R2 S0 S0 W1 O1 O0 O0 O0 O0 O0
O0 O0 O0 O0 O1 D0 S0 R2 S0 D0 O1 O0 O0 O0 O0 O0 O0
O0 O0 O0 O0 O0 O1 D0 S0 D0 O1 O0 O0 O0 O0 O0 O0 O0
O0 O0 O0 O0 O0 O0 O1 O1 O1 O0 O0 O0 O0 O0 O0 O0 O0
O0 O0 O0 O0 O0 O0 O0 O0 O0 O0 O0 P0 O0 O0 O0 O0 O0
O0 O0 O0 O0 O0 O0 O0 O0 O0 M0 M0 H0 H0 O0 O0 O0 O0
O0 O0 O0 O0 O0 O0 O0 O0 O0 P0 F0 O0 O0 O0 O0 O0 O0

#
#  The following are definitions of terrain types in the map
#  Each terrain type is a section begin with a legend definition such as
#
#  legend: <legend>
#
#  The length of the legend is unlimited. It defines legends used in the map
#  section.
#  Lines following the legend definition are properties applied to the
#  legend. The format is
#
#  <property> <value>
#
#  You can concat 2 lines in 2 format. If the first character of a line is
#  '>' or '+', the line is concated to previous line. When '>' is used, a
#  new-line character is inserted between the two lines. For example:

#
#  long "This is a small room with stone walls
#  >"
#
#  This is will be concated as:
#
#  long "This is a small room with stone walls\n"
#

legend: P0
short "桃花林"
long "你身处在一片美丽的桃花林中，这里正是所谓的『落英缤纷，芳草鲜
>美』，要是仔细观察此处的桃树，你会发现它们以某种奇异的次序排列著
>，但你又看不出有人力斧凿的痕迹，或许是浑然天成的吧；在这里站的越
>久，你越觉得世间的名利斗争已经离你远去，这种心旷神怡的感觉，使你
>对这儿流连忘返。	
>"


legend: F0
short "树海"
long "这是一片由高耸入云的巨木所构成的树海，由於树木很密，致使你几
>乎看不到树林深处有什麽存在，也因此这里从以前就有很多神秘的传说。
>"

legend: S0
short "沼泽"
long "在这沼泽中长了不少植物，尤其是原本该是泥水的地面，也被一些草
>本植物盖满了，你走在这儿应该注意地面，否则会陷入泥沼，无法自拔。
>"

legend: M0
short "高山"
long "超人才能来！因为根本没有
>"

legend: W0
short "小溪"
long "看来你还是受不了这清澈河水的召唤，悠游在其中是十分愉悦的事，
>不过要注意两件事，第一、别忘了换气，第二、虽然可以游水、抓鱼，但
>别污染环境喔！这小溪一路往西北流去。
>"

legend: W1
short "溪口"
long "小溪流到这儿就到大海了，在这儿也比上游深多了，所以要特别小心
>啊！当然这儿跟海比来是要好多了。
>"

legend: W2
short "小溪"
long "看来你还是受不了这清澈河水的召唤，悠游在其中是十分愉悦的事，
>不过要注意两件事，第一、别忘了换气，第二、虽然可以游水、抓鱼，但
>别污染环境喔！这小溪一路往东北流去。
>"

legend: W3
short "小溪"
long "看来你还是受不了这清澈河水的召唤，悠游在其中是十分愉悦的事，
>不过要注意两件事，第一、别忘了换气，第二、虽然可以游水、抓鱼，但
>别污染环境喔！这小溪一路往东南流去。
>"

legend: W4
short "小溪"
long "看来你还是受不了这清澈河水的召唤，悠游在其中是十分愉悦的事，
>不过要注意两件事，第一、别忘了换气，第二、虽然可以游水、抓鱼，但
>别污染环境喔！这小溪一路往西南流去。
>"

legend: H0
short "小丘陵"
long "这起伏不大的丘陵上长满了嫩绿的鲜草，而点缀其上的小白花，使这
>里令人觉得精神愉快，站在这儿可以看到远方的大海，这是因为这里都没
>有高大的植物。
>"

legend: O0
short "深海"
long "你现在正载浮载沉地在海中飘流。
>"
block_move "swimmer"

legend: O1
short "浅海"
long "这儿是靠近岸边的的浅海，虽然深浅不一，但总在10公尺以内，海是
>很危险的，随时要注意自己的身体状况，不要硬撑；唷！对了，这儿常有
>暗潮，不小心可能会被冲得很远。
>"

legend: T0
short "城镇"
long "这里根据地图记载应该有一个城镇，如果你到了这里，请通知任何一位
>巫师。
>"

legend: R0
short "桃林小径"
long "这是蜿蜒在桃花林中的泥土小径，路上布满了落下来的桃花，清新的
>空气加上悦耳的鸟鸣，还有两旁的桃花林，使走在这儿成了最佳享受；这
>小径虽然不是很直，但是大致上还是由南向北延伸的。
>"

legend: R1
short "林荫道"
long "这位在森林中的道路是魔族所造的，由石板铺成的路面，笔直的在树
>林中穿过，两旁的树木正好把阳光滤掉，走在这儿你觉得十分凉爽；东西
>向的林荫道，连接了映世村和津鸣城。
>"

legend: R2
short "芦苇便道"
long "在沼泽中造路是很不容易的，蜥蜴人想出了好方法，将石头以草绳绑
>住，然後填在沼泽中，并在两旁种植芦苇，以保护路基，看了这条路以後
>，你想你对於蜥蜴人的智商要重新评估了；这不甚美观但是很实用的道路
>是南北向的，它通往蜥蜴人的居所，走在上面要小心别把衣服弄脏了。
>"

legend: R3
short "车马道"
long "这是蜿蜒在丘陵之中的道路，其实也不是刻意铺出来的，而是来往人
>马将地面上踏出一条小路，路是人走出来的，这话还真是没错；这小路是
>东西向的，通往武士堡。
>"


legend: D0
short "海滩"
long "这海滩的沙子是黄金色的，除此之外，夹杂在沙中的石英质，不断的
>反著光线，一闪闪的，与蔚蓝海面上的粼煦波光，相映成趣。
>"

#
#  This section allows definition a single room on the map with 
#  coordinate. A section begins with a room definition like:
#
#  room: <X coordinate>,<Y coordinate>
#
#  Notice the argument is treated as a single string in the filename
#  of a virtual room. For example, room 25,20 defines the virtual room
#  /d/noden/25,20.noden.c
#

room: 7,2
short "桃花林"
long "你身处在一片美丽的桃花林中，这里正是所谓的『落英缤纷，芳草鲜
>美』，要是仔细观察此处的桃树，你会发现它们以某种特殊的次序排列著
>；在这里站的越久，你越觉这儿的桃树好像太密了，而且....好像会移动
>，事有蹊跷，你想你最好仔细观察一下，说不定会有收获唷！
>"

room: 7,3
short "桃林小径"
long "这是蜿蜒在桃花林中的泥土小径，路上布满了落下来的桃花，清新的
>空气加上悦耳的鸟鸣，还有两旁的桃花林，使走在这儿成了最佳享受；这
>小径一路由村口往北到这就消失了，由这往北还是桃花林，不同的是好像
>密了些，有些古怪，过去瞧瞧吧！
>"

room: 7,6
short "北村口"
long "往南就是谪仙岛正中央的映世村了，映世村是位在一个略成圆形的小
>丘上，丘的东北、东南、西北、西南四个方向各有一个水流出口，水源似
>乎来自地底，当然它们就是岛上四条小溪的源头，如果你要进村的话可以
>沿石阶而上，而从这往北是一片桃花林，路不太明显，请小心。
>"

room: 6,7
short "西村口"
long "往东就是谪仙岛正中央的映世村了，映世村是位在一个略成圆形的小
>丘上，丘的东北、东南、西北、西南四个方向各有一个水流出口，水源似
>乎来自地底，当然它们就是岛上四条小溪的源头，如果你要进村的话可以
>沿石阶而上，而从这往西是起伏不定的小丘陵，那是属於武士堡的势力领
>域。
>"

room: 3,7
short "车马道"
long "这是蜿蜒在丘陵之中的道路，其实也不是刻意铺出来的，而是来往人
>马将地面上踏出一条小路，路是人走出来的，这话还真是没错；这小路是
>东西向的，到这就到目的地了，现在在你西边的是宏伟的武士堡，如果你
>是敌人的话，你就得小心了。
>"

room: 8,7
short "东村口"
long "往西就是谪仙岛正中央的映世村了，映世村是位在一个略成圆形的小
>丘上，丘的东北、东南、西北、西南四个方向各有一个水流出口，水源似
>乎来自地底，当然它们就是岛上四条小溪的源头，如果你要进村的话可以
>沿石阶而上，而打这儿往东是一片高耸的树林，那儿是传说中魔族津鸣城
>所在的地方。
>"

room: 11,7
short "林荫道"
long "这位在森林中的道路是魔族所造的，由石板铺成的路面，笔直的在树
>林中穿过，两旁的树木正好把阳光滤掉，走在这儿你觉得十分凉爽；东西
>向的林荫道，到这儿就停了，在你东边竟是一个小湖，咦！津鸣城呢？你
>可能要找找了。
>"

room: 7,8
short "南村口"
long "往北就是谪仙岛正中央的映世村了，映世村是位在一个略成圆形的小
>丘上，丘的东北、东南、西北、西南四个方向各有一个水流出口，水源似
>乎来自地底，当然它们就是岛上四条小溪的源头，如果你要进村的话可以
>沿石阶而上，而从这往南是一片沼泽地，蜥蜴人的洞穴就在那儿。
>"

room: 7,11
short "芦苇便道"
long "在沼泽中造路是很不容易的，蜥蜴人想出了好方法，将石头以草绳绑
>住，然後填在沼泽中，并在两旁种植芦苇，以保护路基，看了这条路以後
>，你想你对於蜥蜴人的智商要重新评估了；这道路到这儿往南通往一个岩
>石平台，那儿好像是蜥蜴人洞穴的入口，你想你应该小心点唷，蜥蜴人并
>不好惹啊！
>"

room: 7,12
short "岩石平台"
long "这岩石平台在沼泽中十分显明，平台上十分平整，显然是蜥蜴人用心
>修整的结果，平常这台上是没有多少人的，只有进出的人经过，但是一发
>生战争，蜥蜴人便在此集合兵马，那是很壮观的场面；这平台中央便是洞
>穴入口了，里头黑黝黝的，有点吓人，拿出勇气，下去看看吧！
>"
